2025-06-04 12:37:46,684 - INFO - Processando dataset ArticularyWordRecognition
2025-06-04 12:37:46,685 - INFO - Carregando ArticularyWordRecognition
2025-06-04 12:37:46,685 - INFO - Iniciando em 2025-06-04 12:37:46
2025-06-04 12:37:46,685 - INFO - Não foi possível carregar o dataset ArticularyWordRecognition armazenados na máquina local
2025-06-04 12:37:46,685 - INFO - Iniciando download do dataset ArticularyWordRecognition
2025-06-04 12:37:46,805 - INFO - Download finalizado com sucesso
2025-06-04 12:37:46,805 - INFO - Tempo de carregamento: 0.11972212791442871 segundos
2025-06-04 12:37:46,876 - INFO - Dataset ArticularyWordRecognition carregado em 0.19214177131652832 segundos
2025-06-04 13:09:07,594 - INFO - Results for dataset ArticularyWordRecognition saved to benchmark_comparacao_ArticularyWordRecognition_2025-06-04_13-09-07.xlsx
2025-06-04 13:09:07,594 - INFO - Processando dataset CharacterTrajectories
2025-06-04 13:09:07,595 - INFO - Carregando CharacterTrajectories
2025-06-04 13:09:07,595 - INFO - Iniciando em 2025-06-04 13:09:07
2025-06-04 13:09:07,595 - INFO - Não foi possível carregar o dataset CharacterTrajectories armazenados na máquina local
2025-06-04 13:09:07,595 - INFO - Iniciando download do dataset CharacterTrajectories
2025-06-04 13:09:07,603 - INFO - Tempo de carregamento: 0.008873939514160156 segundos
2025-06-04 13:09:07,603 - INFO - FATAL Error processing dataset CharacterTrajectories: channel 1 in case 159 has a different number of observations to the other channels. Saw 88 in the first channel but 99 in the channel 1. The meta data specifies equal length == False. But even if series length are unequal, all channels for a single case must be the same length. Skipping this dataset.
2025-06-04 13:09:07,677 - INFO - Processando dataset Cricket
2025-06-04 13:09:07,678 - INFO - Carregando Cricket
2025-06-04 13:09:07,678 - INFO - Iniciando em 2025-06-04 13:09:07
2025-06-04 13:09:07,678 - INFO - Não foi possível carregar o dataset Cricket armazenados na máquina local
2025-06-04 13:09:07,678 - INFO - Iniciando download do dataset Cricket
2025-06-04 13:09:07,841 - INFO - Download finalizado com sucesso
2025-06-04 13:09:07,841 - INFO - Tempo de carregamento: 0.16297292709350586 segundos
2025-06-04 13:09:07,925 - INFO - Dataset Cricket carregado em 0.24778127670288086 segundos
2025-06-04 13:14:27,757 - INFO - Results for dataset Cricket saved to benchmark_comparacao_Cricket_2025-06-04_13-14-27.xlsx
2025-06-04 13:14:27,757 - INFO - Processando dataset DuckDuckGeese
2025-06-04 13:14:27,757 - INFO - Carregando DuckDuckGeese
2025-06-04 13:14:27,757 - INFO - Iniciando em 2025-06-04 13:14:27
2025-06-04 13:14:27,757 - INFO - Não foi possível carregar o dataset DuckDuckGeese armazenados na máquina local
2025-06-04 13:14:27,757 - INFO - Iniciando download do dataset DuckDuckGeese
2025-06-04 13:14:33,146 - INFO - Download finalizado com sucesso
2025-06-04 13:14:33,147 - INFO - Tempo de carregamento: 5.389355421066284 segundos
2025-06-04 13:14:33,236 - INFO - Dataset DuckDuckGeese carregado em 5.47955060005188 segundos
